******************************************************************************
                  TI ARM Linker PC v18.12.3                    
******************************************************************************
>> Linked Fri Nov  8 21:17:14 2019

OUTPUT FILE NAME:   <httpget_CC3220S_LAUNCHXL_tirtos_ccs2.out>
ENTRY POINT SYMBOL: "_c_int00"  address: 20016041


MEMORY CONFIGURATION

         name            origin    length      used     unused   attr    fill
----------------------  --------  ---------  --------  --------  ----  --------
  SRAM0                 20000000   00004000  0000070c  000038f4  RW X
  SRAM                  20004000   0003c000  0002067c  0001b984  RW X


SEGMENT ALLOCATION MAP

run origin  load origin   length   init length attrs members
----------  ----------- ---------- ----------- ----- -------
20003c00    20003c00    00000400   00000000    rw-
  20003c00    20003c00    00000400   00000000    rw- .stack
20004000    20004000    0001d0b8   000150b2    r-x
  20004000    20004000    0000003c   0000003c    r-- .resetVecs
  20004040    20004040    00015072   00015072    r-x .text
  200190b8    200190b8    00008000   00000000    r-- .priheap
20021400    20021400    0000150c   00000000    rw-
  20021400    20021400    0000150c   00000000    rw- .bss
2002290c    2002290c    00000f81   00000f81    r--
  2002290c    2002290c    00000f81   00000f81    r-- .const
20023890    20023890    00000cb9   00000000    rw-
  20023890    20023890    00000cb9   00000000    rw- .data
20024550    20024550    00000488   00000488    r--
  20024550    20024550    00000488   00000488    r-- .cinit


SECTION ALLOCATION MAP

 output                                  attributes/
section   page    origin      length       input sections
--------  ----  ----------  ----------   ----------------
.vecs      0    20000000    0000030c     NOLOAD SECTION
                  20000000    0000030c     release_pem4.oem4 (.vecs)

.stack     0    20003c00    00000400     UNINITIALIZED
                  20003c00    00000400     --HOLE--

.text      0    20004040    00015072     
                  20004040    00000a4e     rtsv7M4_T_le_eabi.lib : _printfi.c.obj (.text:__TI_printfi)
                  20004a8e    00000002     ti_drivers_config.obj (.text:Board_initHook)
                  20004a90    000008cc     simplelink.a : driver.obj (.text:_SlDrvMsgRead)
                  2000535c    00000688     httpget.obj (.text:httpTask)
                  200059e4    000004bc     simplelink.a : sl_socket.obj (.text:_SlSocketHandleAsync_Select)
                  20005ea0    0000042c     driverlib.a : prcm.obj (.text:PRCMCC3200MCUInit)
                  200062cc    0000040c     httpclient_release.a : httpclient.oem4 (.text:sendRequest)
                  200066d8    00000384     simplelink.a : driver.obj (.text:_SlDrvMsgWrite)
                  20006a5c    000002e0                  : driver.obj (.text:_SlDrvWaitForPoolObj)
                  20006d3c    000002d8                  : driver.obj (.text:_SlDrvRxHdrRead)
                  20007014    000002b4                  : sl_socket.obj (.text:sl_Select)
                  200072c8    00000294                  : driver.obj (.text:_SlDrvReleasePoolObj)
                  2000755c    00000280     drivers_cc32xx.aem4 : UARTCC32XX.oem4 (.text:UARTCC32XX_open)
                  200077dc    0000027c     simplelink.a : wlan.obj (.text:sl_WlanConnect)
                  20007a58    00000268     rtsv7M4_T_le_eabi.lib : _printfi.c.obj (.text:_pconv_a)
                  20007cc0    0000025c     simplelink.a : driver.obj (.text:_SlDrvDataReadOp)
                  20007f1c    00000224                  : driver.obj (.text:_SlDrvDriverCBInit)
                  20008140    00000218                  : driver.obj (.text:_SlDrvDataWriteOp)
                  20008358    000001fc     httpclient_release.a : httpclient.oem4 (.text:SlNetSock_connectURI)
                  20008554    000001f4     simplelink.a : driver.obj (.text:_SlDrvMsgReadCmdCtx)
                  20008748    000001f2                  : netapp.obj (.text:_SlNetAppEventHandler)
                  2000893a    00000002     drivers_cc32xx.aem4 : CaptureCC32XX.oem4 (.text:CaptureCC32XX_init)
                  2000893c    000001e0     httpclient_release.a : httpclient.oem4 (.text:HTTPClient_connect2)
                  20008b1c    000001d4     drivers_cc32xx.aem4 : GPIOCC32XX.oem4 (.text:GPIO_setConfig)
                  20008cf0    000001d0                         : SPICC32XXDMA.oem4 (.text:SPICC32XXDMA_transfer)
                  20008ec0    000001cc     rtsv7M4_T_le_eabi.lib : _printfi.c.obj (.text:_pconv_g)
                  2000908c    000001c8     PEMS.obj (.text:mainThread)
                  20009254    000001c8     simplelink.a : device.obj (.text:sl_Stop)
                  2000941c    000001b8     dht22.obj (.text:DHT_translateData)
                  200095d4    000001b8     drivers_cc32xx.aem4 : SPICC32XXDMA.oem4 (.text:configDMA)
                  2000978c    000001b6     rtsv7M4_T_le_eabi.lib : fd_add_t2.asm.obj (.text)
                  20009942    00000002     drivers_cc32xx.aem4 : PWMTimerCC32XX.oem4 (.text:PWMTimerCC32XX_init)
                  20009944    000001b4     simplelink.a : driver.obj (.text:_SlDrvReleaseAllActivePendingPoolObj)
                  20009af8    000001b0     PEMS.obj (.text:update_values)
                  20009ca8    000001ac     simplelink.a : sl_socket.obj (.text:sl_Accept)
                  20009e54    000001a0     httpclient_release.a : httpclient.oem4 (.text:manageResponseHeaders)
                  20009ff4    00000194                          : httpclient.oem4 (.text:redirect)
                  2000a188    0000018c     simplelink.a : sl_socket.obj (.text:_SlDrvRegisterForSelectAsync)
                  2000a314    00000184                  : driver.obj (.text:_SlDrvFindAndSetActiveObj)
                  2000a498    00000178                  : sl_socket.obj (.text:sl_Connect)
                  2000a610    00000177     httpclient_release.a : httpclient.oem4 (.text:readResponseHeader)
                  2000a787    00000001     --HOLE-- [fill = 0]
                  2000a788    00000170     simplelink.a : netapp.obj (.text:sl_NetAppDnsGetHostByName)
                  2000a8f8    00000158     drivers_cc32xx.aem4 : SPICC32XXDMA.oem4 (.text:SPICC32XXDMA_open)
                  2000aa50    00000154     simplelink.a : sl_socket.obj (.text:sl_RecvFrom)
                  2000aba4    00000150     platform.obj (.text:SimpleLinkNetAppEventHandler)
                  2000acf4    0000014c     dpl_cc32xx.aem4 : PowerCC32XX_tirtos.oem4 (.text:PowerCC32XX_sleepPolicy)
                  2000ae40    0000014c     simplelink.a : sl_socket.obj (.text:sl_StartTLS)
                  2000af8c    00000148     drivers_cc32xx.aem4 : PowerCC32XX.oem4 (.text:parkPins)
                  2000b0d4    00000148     httpclient_release.a : httpclient.oem4 (.text:parseURI)
                  2000b21c    00000144     PEMS.obj (.text:thresholdMax)
                  2000b360    00000144     PEMS.obj (.text:thresholdMin)
                  2000b4a4    00000140     drivers_cc32xx.aem4 : PWMTimerCC32XX.oem4 (.text:PWMTimerCC32XX_setDutyAndPeriod)
                  2000b5e4    00000140     simplelink.a : driver.obj (.text:_SlDrvMsgReadSpawnCtx)
                  2000b724    0000013c                  : driver.obj (.text:_SlDrvDriverCBDeinit)
                  2000b860    0000013c                  : sl_socket.obj (.text:_SlDrvGetNextTimeoutValue)
                  2000b99c    0000013c     rtsv7M4_T_le_eabi.lib : _printfi.c.obj (.text:_pconv_e)
                  2000bad8    00000138     drivers_cc32xx.aem4 : PowerCC32XX.oem4 (.text:Power_sleep)
                  2000bc10    00000138     simplelink.a : driver.obj (.text:_SlSpawnMsgListInsert)
                  2000bd48    00000136     rtsv7M4_T_le_eabi.lib : fd_div_t2.asm.obj (.text)
                  2000be7e    00000002     drivers_cc32xx.aem4 : TimerCC32XX.oem4 (.text:TimerCC32XX_init)
                  2000be80    00000134     simplelink.a : sl_socket.obj (.text:_SlSocketHandleAsync_StartTLS)
                  2000bfb4    00000004     dpl_cc32xx.aem4 : ClockP_tirtos.oem4 (.text:ClockP_getCpuFreq)
                  2000bfb8    00000130     sysbios.aem4 : BIOS.obj (.text:ti_sysbios_knl_Semaphore_pend__E)
                  2000c0e8    00000128     drivers_cc32xx.aem4 : TimerCC32XX.oem4 (.text:TimerCC32XX_open)
                  2000c210    00000128     simplelink.a : driver.obj (.text:_SlDrvClassifyRxMsg)
                  2000c338    00000124                  : fs.obj (.text:sl_FsOpen)
                  2000c45c    00000121     httpclient_release.a : httpclient.oem4 (.text:getChunkedData)
                  2000c57d    00000001     --HOLE-- [fill = 0]
                  2000c57e    00000002     drivers_cc32xx.aem4 : UARTCC32XX.oem4 (.text:UARTCC32XX_init)
                  2000c580    00000120                         : UARTCC32XX.oem4 (.text:UARTCC32XX_close)
                  2000c6a0    00000120     simplelink.a : driver.obj (.text:_SlDrvAsyncEventGenericHandler)
                  2000c7c0    00000120     rtsv7M4_T_le_eabi.lib : _printfi.c.obj (.text:fcvt)
                  2000c8e0    00000120     simplelink.a : device.obj (.text:sl_Start)
                  2000ca00    00000120     sysbios.aem4 : BIOS.obj (.text:xdc_runtime_Startup_startMods__I)
                  2000cb20    00000118     simplelink.a : netapp.obj (.text:_SlNetAppHandleAsync_DnsGetHostByService)
                  2000cc38    00000114     rtsv7M4_T_le_eabi.lib : fputs.c.obj (.text:fputs)
                  2000cd4c    00000110     PEMS.obj (.text:rotarySW)
                  2000ce5c    00000110     rtsv7M4_T_le_eabi.lib : strtoul.c.obj (.text:strtoul)
                  2000cf6c    00000004     dpl_cc32xx.aem4 : ClockP_tirtos.oem4 (.text:ClockP_setTimeout)
                  2000cf70    00000110     sysbios.aem4 : BIOS.obj (.text:ti_sysbios_knl_Task_postInit__I)
                  2000d080    00000108     httpclient_release.a : httpclient.oem4 (.text:HTTPClient_setHeader)
                  2000d188    00000108     slnetsock_release.a : slnetutils.oem4 (.text:SlNetUtil_str2BinIpV6)
                  2000d290    00000104     simplelink.a : device.obj (.text:_SlDeviceEventHandler)
                  2000d394    00000104                  : driver.obj (.text:_SlDrvCmdOp)
                  2000d498    00000104     sysbios.aem4 : BIOS.obj (.text:ti_sysbios_knl_Task_Instance_finalize__E)
                  2000d59c    00000100     simplelink.a : driver.obj (.text:_SlDrvObjGlobalLockWaitForever)
                  2000d69c    00000100                  : fs.obj (.text:sl_FsWrite)
                  2000d79c    000000fc     rtsv7M4_T_le_eabi.lib : fd_mul_t2.asm.obj (.text)
                  2000d898    000000fc     simplelink.a : sl_socket.obj (.text:sl_Close)
                  2000d994    000000f8     slnetifwifi.a : slnetifwifi.obj (.text:SlNetIfWifi_loadSecObj)
                  2000da8c    000000f4     httpclient_release.a : httpclient.oem4 (.text:httpProxyTunnel)
                  2000db80    000000f4     lcd.obj (.text:lcd_init_4bit)
                  2000dc74    000000f4     platform.obj (.text:mainPost)
                  2000dd68    000000f4     simplelink.a : sl_socket.obj (.text:sl_SendTo)
                  2000de5c    000000f2     drivers_cc32xx.aem4 : SPICC32XXDMA.oem4 (.text:SPICC32XXDMA_transferCancel)
                  2000df4e    000000f2                         : UARTCC32XX.oem4 (.text:UARTCC32XX_control)
                  2000e040    000000f0                         : PWMTimerCC32XX.oem4 (.text:PWMTimerCC32XX_open)
                  2000e130    000000f0     sysbios.aem4 : BIOS.obj (.text:pthread_create)
                  2000e220    000000f0                  : BIOS.obj (.text:ti_sysbios_knl_Task_Instance_init__E)
                  2000e310    000000ec                  : BIOS.obj (.text:clock_gettime)
                  2000e3fc    000000e8     slnetsock_release.a : slnetif.oem4 (.text:SlNetIf_add)
                  2000e4e4    000000e4     drivers_cc32xx.aem4 : CaptureCC32XX.oem4 (.text:CaptureCC32XX_open)
                  2000e5c8    000000dc     rtsv7M4_T_le_eabi.lib : setvbuf.c.obj (.text:setvbuf)
                  2000e6a4    000000dc     PEMS.obj (.text:update_text)
                  2000e780    000000d8     drivers_cc32xx.aem4 : SPICC32XXDMA.oem4 (.text:SPICC32XXDMA_close)
                  2000e858    000000d8     simplelink.a : device.obj (.text:_SlDeviceHandleAsync_InitComplete)
                  2000e930    000000d8                  : driver.obj (.text:_SlDrvWaitForInternalAsyncEvent)
                  2000ea08    000000d8                  : netapp.obj (.text:_SlNetAppHandleAsync_NetAppReceive)
                  2000eae0    000000d2     httpclient_release.a : httpclient.oem4 (.text:HTTPClient_connect)
                  2000ebb2    00000002     rtsv7M4_T_le_eabi.lib : _lock.c.obj (.text:_nop)
                  2000ebb4    000000d0     simplelink.a : driver.obj (.text:_SlDrvRemoveFromList)
                  2000ec84    000000d0     httpclient_release.a : httpclient.oem4 (.text:getStatus)
                  2000ed54    000000d0     rtsv7M4_T_le_eabi.lib : s_scalbn.c.obj (.text:scalbn)
                  2000ee24    00000004     dpl_cc32xx.aem4 : ClockP_tirtos.oem4 (.text:ClockP_start)
                  2000ee28    000000d0     sysbios.aem4 : BIOS.obj (.text:ti_sysbios_heaps_HeapMem_alloc__E)
                  2000eef8    000000cc     httpclient_release.a : httpclient.oem4 (.text:sprsend)
                  2000efc4    000000cc     sysbios.aem4 : m3_Hwi_asm.obj (.text:ti_sysbios_family_arm_m3_Hwi_dispatch__I)
                  2000f090    000000ca     drivers_cc32xx.aem4 : UARTCC32XX.oem4 (.text:UARTCC32XX_write)
                  2000f15a    000000c8                         : SPICC32XXDMA.oem4 (.text:spiHwiFxn)
                  2000f222    00000002     rtsv7M4_T_le_eabi.lib : div0.asm.obj (.text)
                  2000f224    000000c4     drivers_cc32xx.aem4 : GPIOCC32XX.oem4 (.text:GPIO_init)
                  2000f2e8    000000c4                         : PWMTimerCC32XX.oem4 (.text:PWMTimerCC32XX_stop)
                  2000f3ac    00000004     dpl_cc32xx.aem4 : ClockP_tirtos.oem4 (.text:ClockP_stop)
                  2000f3b0    000000c4     sysbios.aem4 : BIOS.obj (.text:ti_sysbios_knl_Task_sleep__E)
                  2000f474    000000c0     simplelink.a : cc_pal.obj (.text:NwpPowerOff)
                  2000f534    000000c0     httpclient_release.a : httpclient.oem4 (.text:resHeaderFieldHandler)
                  2000f5f4    000000c0     drivers_cc32xx.aem4 : PowerCC32XX.oem4 (.text:restoreParkedPins)
                  2000f6b4    000000c0     simplelink.a : netcfg.obj (.text:sl_NetCfgGet)
                  2000f774    000000bc                  : netapp.obj (.text:_SlNetAppSendResponse)
                  2000f830    000000bc                  : sl_socket.obj (.text:sl_Send)
                  2000f8ec    00000004     dpl_cc32xx.aem4 : HwiP_tirtos.oem4 (.text:HwiP_clearInterrupt)
                  2000f8f0    000000bc     sysbios.aem4 : BIOS.obj (.text:xdc_runtime_Core_createObject__I)
                  2000f9ac    000000ba     drivers_cc32xx.aem4 : UARTCC32XX.oem4 (.text:UARTCC32XX_readPolling)
                  2000fa66    00000002     release_pem4.oem4 (.text:ti_sysbios_BIOS_nullFunc__I)
                  2000fa68    000000b8     httpclient_release.a : httpclient.oem4 (.text:HTTPClient_readResponseBody)
                  2000fb20    000000b8     drivers_cc32xx.aem4 : PWMTimerCC32XX.oem4 (.text:PWMTimerCC32XX_setDuty)
                  2000fbd8    000000b8     simplelink.a : netapp.obj (.text:_SlNetAppHandleAsync_DnsGetHostByName)
                  2000fc90    000000b8                  : netapp.obj (.text:_SlNetAppHandleAsync_PingResponse)
                  2000fd48    000000b8     drivers_cc32xx.aem4 : UARTCC32XX.oem4 (.text:initHw)
                  2000fe00    000000b8     simplelink.a : wlan.obj (.text:sl_WlanGet)
                  2000feb8    000000b8     sysbios.aem4 : BIOS.obj (.text:ti_sysbios_family_arm_m3_Hwi_Instance_init__E)
                  2000ff70    000000b6     drivers_cc32xx.aem4 : UARTCC32XX.oem4 (.text:readTaskCallback)
                  20010026    00000002     release_pem4.oem4 (.text:xdc_runtime_Startup_reset__I)
                  20010028    000000b4     dht22.obj (.text:DHT_read)
                  200100dc    000000b4     simplelink.a : driver.obj (.text:_SlDrvHandleFatalError)
                  20010190    000000b4                  : netutil.obj (.text:_SlNetUtilHandleAsync_Cmd)
                  20010244    000000b4                  : sl_socket.obj (.text:sl_GetSockOpt)
                  200102f8    000000b1     rtsv7M4_T_le_eabi.lib : _printfi.c.obj (.text:_ltostr)
                  200103a9    00000003     --HOLE-- [fill = 0]
                  200103ac    000000b0     slnetifwifi.a : slnetifwifi.obj (.text:SlNetIfWifi_getSockOpt)
                  2001045c    000000ae                   : slnetifwifi.obj (.text:matchModeByRole)
                  2001050a    000000ae     drivers_cc32xx.aem4 : UARTCC32XX.oem4 (.text:readIsrTextBlocking)
                  200105b8    000000ac     MHZ16.obj (.text:UART_CO2_init)
                  20010664    000000ac     simplelink.a : sl_socket.obj (.text:_SlSocketHandleAsync_Close)
                  20010710    000000ac                  : sl_socket.obj (.text:_SlSocketHandleAsync_Connect)
                  200107bc    000000ac     httpclient_release.a : httpclient.oem4 (.text:sendReqHeaders)
                  20010868    000000a8     driverlib.a : prcm.obj (.text:PRCMPeripheralClockGet)
                  20010910    000000a8     drivers_cc32xx.aem4 : PowerCC32XX.oem4 (.text:PowerCC32XX_configureWakeup)
                  200109b8    000000a8                         : UARTCC32XX.oem4 (.text:readTaskBlocking)
                  20010a60    000000a8     simplelink.a : fs.obj (.text:sl_FsClose)
                  20010b08    000000a6                  : driver.obj (.text:_SlDrvIsTimeoutExpired)
                  20010bae    00000002     --HOLE-- [fill = 0]
                  20010bb0    000000a4     drivers_cc32xx.aem4 : PWMTimerCC32XX.oem4 (.text:initHw)
                  20010c54    000000a4     simplelink.a : sl_socket.obj (.text:sl_Bind)
                  20010cf8    000000a4     sysbios.aem4 : BIOS.obj (.text:ti_sysbios_knl_Task_setPri__E)
                  20010d9c    000000a2     drivers_cc32xx.aem4 : UARTCC32XX.oem4 (.text:readIsrTextCallback)
                  20010e3e    000000a2                         : UARTCC32XX.oem4 (.text:writeData)
                  20010ee0    000000a0     simplelink.a : fs.obj (.text:FsGetCreateFsMode)
                  20010f80    000000a0     IRBlaster.obj (.text:IR_Init)
                  20011020    000000a0     simplelink.a : sl_socket.obj (.text:_SlDrvUnRegisterForSelectAsync)
                  200110c0    000000a0                  : driver.obj (.text:_SlSpawnMsgListProcess)
                  20011160    000000a0     auto_init.aem4 : auto_init.oem4 (.text)
                  20011200    0000009e     simplelink.a : cc_pal.obj (.text:spi_Read)
                  2001129e    0000009e                  : cc_pal.obj (.text:spi_Write)
                  2001133c    00000004     dpl_cc32xx.aem4 : HwiP_tirtos.oem4 (.text:HwiP_disable)
                  20011340    0000009c     sysbios.aem4 : BIOS.obj (.text:_pthread_removeThreadKeys)
                  200113dc    0000009c     rtsv7M4_T_le_eabi.lib : memcpy_t2.asm.obj (.text)
                  20011478    00000098     httpclient_release.a : httpclient.oem4 (.text:HTTPClient_sendRequest)
                  20011510    00000098     drivers_cc32xx.aem4 : PWMTimerCC32XX.oem4 (.text:PWMTimerCC32XX_setPeriod)
                  200115a8    00000098                         : GPIOCC32XX.oem4 (.text:powerNotifyFxn)
                  20011640    00000098     httpclient_release.a : httpclient.oem4 (.text:resHeaderNameToHash)
                  200116d8    00000096     rtsv7M4_T_le_eabi.lib : ull_div_t2.asm.obj (.text)
                  2001176e    00000002     --HOLE-- [fill = 0]
                  20011770    00000094     simplelink.a : cc_pal.obj (.text:Semaphore_pend_handle)
                  20011804    00000094     drivers_cc32xx.aem4 : SPICC32XXDMA.oem4 (.text:initHw)
                  20011898    00000094     httpclient_release.a : httpclient.oem4 (.text:locationParser)
                  2001192c    00000004     dpl_cc32xx.aem4 : HwiP_tirtos.oem4 (.text:HwiP_disableInterrupt)
                  20011930    00000094     sysbios.aem4 : BIOS.obj (.text:ti_sysbios_knl_Task_exit__E)
                  200119c4    00000092     slnetsock_release.a : slnetsock.oem4 (.text:SlNetSock_create)
                  20011a56    00000002     --HOLE-- [fill = 0]
                  20011a58    00000090     drivers_cc32xx.aem4 : CaptureCC32XX.oem4 (.text:CaptureCC32XX_hwiIntFunction)
                  20011ae8    00000090     slnetsock_release.a : slnetsock.oem4 (.text:SlNetSock_getVirtualSdConf)
                  20011b78    00000090     simplelink.a : device.obj (.text:_SlDeviceHandleAsync_Stop)
                  20011c08    00000090                  : sl_socket.obj (.text:_SlSocketHandleAsync_Accept)
                  20011c98    00000090     drivers_cc32xx.aem4 : PowerCC32XX.oem4 (.text:restoreNVICRegs)
                  20011d28    00000090     sysbios.aem4 : BIOS.obj (.text:ti_sysbios_knl_Task_Module_startup__E)
                  20011db8    0000008c     simplelink.a : driver.obj (.text:_SlDrvDriverIsApiAllowed)
                  20011e44    0000008c     rtsv7M4_T_le_eabi.lib : fputc.c.obj (.text:fputc)
                  20011ed0    0000008c     simplelink.a : sl_socket.obj (.text:sl_Recv)
                  20011f5c    00000004     dpl_cc32xx.aem4 : HwiP_tirtos.oem4 (.text:HwiP_enableInterrupt)
                  20011f60    0000008c     sysbios.aem4 : BIOS.obj (.text:xdc_runtime_Memory_alloc__E)
                  20011fec    00000088     drivers_cc32xx.aem4 : PWMTimerCC32XX.oem4 (.text:PWMTimerCC32XX_close)
                  20012074    00000088     driverlib.a : pin.obj (.text:PinConfigSet)
                  200120fc    00000088     drivers_cc32xx.aem4 : TimerCC32XX.oem4 (.text:TimerCC32XX_setPeriod)
                  20012184    00000088     simplelink.a : driver.obj (.text:_SlDrvProtectAsyncRespSetting)
                  2001220c    00000088     httpclient_release.a : httpclient.oem4 (.text:createSecAttribs)
                  20012294    00000088     PEMS.obj (.text:down_arrows)
                  2001231c    00000088     httpclient_release.a : httpclient.oem4 (.text:readLine)
                  200123a4    00000088     simplelink.a : eventreg.obj (.text:sl_UnregisterLibsEventHandler)
                  2001242c    00000004     drivers_cc32xx.aem4 : SPICC32XXDMA.oem4 (.text:SPICC32XXDMA_init)
                  20012430    00000088     sysbios.aem4 : BIOS.obj (.text:ti_sysbios_family_arm_m3_Hwi_initNVIC__E)
                  200124b8    00000088     PEMS.obj (.text:up_arrows)
                  20012540    00000086     rtsv7M4_T_le_eabi.lib : fd_cmp_t2.asm.obj (.text:__aeabi_cdcmple)
                  200125c6    00000086                           : fd_cmp_t2.asm.obj (.text:__aeabi_cdrcmple)
                  2001264c    00000004     dpl_cc32xx.aem4 : SemaphoreP_tirtos.oem4 (.text:SemaphoreP_post)
                  20012650    00000086     sysbios.aem4 : BIOS.obj (.text:xdc_runtime_Core_constructObject__I)
                  200126d6    00000002     --HOLE-- [fill = 0]
                  200126d8    00000084     drivers_cc32xx.aem4 : PowerCC32XX.oem4 (.text:Power_init)
                  2001275c    00000084     slnetifwifi.a : slnetifwifi.obj (.text:SlNetIfWifi_sockstartSec)
                  200127e0    00000084     slnetsock_release.a : slnetutils.oem4 (.text:SlNetUtil_getHostByName)
                  20012864    00000084     lcd.obj (.text:lcd_byte)
                  200128e8    00000084     main_post.obj (.text:post)
                  2001296c    00000084     drivers_cc32xx.aem4 : PowerCC32XX.oem4 (.text:saveNVICRegs)
                  200129f0    00000084     simplelink.a : sl_socket.obj (.text:sl_SetSockOpt)
                  20012a74    00000004     slnetsock_release.a : slnetif.oem4 (.text:SlNetIf_init)
                  20012a78    00000084     sysbios.aem4 : BIOS.obj (.text:ti_sysbios_family_arm_m3_Hwi_postInit__I)
                  20012afc    00000004     slnetsock_release.a : slnetutils.oem4 (.text:SlNetUtil_init)
                  20012b00    00000084     sysbios.aem4 : BIOS.obj (.text:ti_sysbios_heaps_HeapMem_free__E)
                  20012b84    00000080     drivers_cc32xx.aem4 : PowerCC32XX.oem4 (.text:Power_setDependency)
                  20012c04    00000004     rtsv7M4_T_le_eabi.lib : printf.c.obj (.text:_outc)
                  20012c08    00000080     sysbios.aem4 : BIOS.obj (.text:ti_sysbios_knl_Clock_workFunc__E)
                  20012c88    0000007c     drivers_cc32xx.aem4 : CaptureCC32XX.oem4 (.text:CaptureCC32XX_start)
                  20012d04    0000007c     platform.obj (.text:Connect)
                  20012d80    0000007c     drivers_cc32xx.aem4 : UDMACC32XX.oem4 (.text:UDMACC32XX_open)
                  20012dfc    00000004     rtsv7M4_T_le_eabi.lib : printf.c.obj (.text:_outs)
                  20012e00    0000007c     sysbios.aem4 : BIOS.obj (.text:_pthread_abstime2ticks)
                  20012e7c    0000007c     drivers_cc32xx.aem4 : UARTCC32XX.oem4 (.text:readIsrBinaryBlocking)
                  20012ef8    0000007a     rtsv7M4_T_le_eabi.lib : memset_t2.asm.obj (.text)
                  20012f72    00000002     --HOLE-- [fill = 0]
                  20012f74    00000078     drivers_cc32xx.aem4 : GPIOCC32XX.oem4 (.text:GPIO_hwiIntFxn)
                  20012fec    00000078                         : TimerCC32XX.oem4 (.text:TimerCC32XX_start)
                  20013064    00000078                         : CaptureCC32XX.oem4 (.text:initHw)
                  200130dc    00000078                         : UARTCC32XX.oem4 (.text:readIsrBinaryCallback)
                  20013154    00000078     simplelink.a : sl_socket.obj (.text:sl_Socket)
                  200131cc    00000074     slnetsock_release.a : slnetsock.oem4 (.text:SlNetSock_AllocVirtualSocket)
                  20013240    00000074     drivers_cc32xx.aem4 : UARTCC32XX.oem4 (.text:UARTCC32XX_hwiIntFxn)
                  200132b4    00000074     rtsv7M4_T_le_eabi.lib : fclose.c.obj (.text:__TI_closefile)
                  20013328    00000074     sysbios.aem4 : BIOS.obj (.text:xdc_runtime_Core_deleteObject__I)
                  2001339c    00000070     httpclient_release.a : httpclient.oem4 (.text:HTTPClient_disconnect)
                  2001340c    00000070     simplelink.a : driver.obj (.text:_SlDrvCmdSend_noLock)
                  2001347c    00000004     release_pem4.oem4 (.text:ti_sysbios_BIOS_RtsGateProxy_enter__E)
                  20013480    00000070     sysbios.aem4 : BIOS.obj (.text:acquireMutexNone$45)
                  200134f0    00000070                  : BIOS.obj (.text:ti_sysbios_heaps_HeapMem_initPrimary__I)
                  20013560    0000006e     rtsv7M4_T_le_eabi.lib : _printfi.c.obj (.text:_mcpy)
                  200135ce    00000002     --HOLE-- [fill = 0]
                  200135d0    0000006c     drivers_cc32xx.aem4 : CaptureCC32XX.oem4 (.text:CaptureCC32XX_close)
                  2001363c    0000006c     rtsv7M4_T_le_eabi.lib : hostrename.c.obj (.text:HOSTrename)
                  200136a8    0000006c     httpclient_release.a : httpclient.oem4 (.text:HTTPClient_getHeader)
                  20013714    0000006c     slnetsock_release.a : slnetutils.oem4 (.text:SlNetUtil_str2BinIpV4)
                  20013780    0000006c     simplelink.a : device.obj (.text:_SlDeviceHandleResetRequestInternally)
                  200137ec    0000006c                  : sl_socket.obj (.text:_SlDrvOpenCtrlSocket)
                  20013858    0000006c                  : netapp.obj (.text:_SlNetAppSendTokenValue)
                  200138c4    0000006c     PEMS.obj (.text:cursor_moveto)
                  20013930    0000006c     sysbios.aem4 : BIOS.obj (.text:ti_sysbios_knl_Swi_restoreHwi__E)
                  2001399c    00000068     rtsv7M4_T_le_eabi.lib : hostlseek.c.obj (.text:HOSTlseek)
                  20013a04    00000068     drivers_cc32xx.aem4 : PWMTimerCC32XX.oem4 (.text:PWMTimerCC32XX_start)
                  20013a6c    00000068     simplelink.a : driver.obj (.text:_SlSpawnMsgListGetCount)
                  20013ad4    00000068     rtsv7M4_T_le_eabi.lib : copy_decompress_lzss.c.obj (.text:decompress:lzss:__TI_decompress_lzss)
                  20013b3c    00000068                           : printf.c.obj (.text:printf)
                  20013ba4    00000004     release_pem4.oem4 (.text:ti_sysbios_BIOS_RtsGateProxy_leave__E)
                  20013ba8    00000068     sysbios.aem4 : BIOS.obj (.text:pthread_exit)
                  20013c10    00000068     simplelink.a : cc_pal.obj (.text:spi_Open)
                  20013c78    00000066     drivers_cc32xx.aem4 : UARTCC32XX.oem4 (.text:UARTCC32XX_writeCancel)
                  20013cde    00000002     --HOLE-- [fill = 0]
                  20013ce0    00000064                         : PowerCC32XX.oem4 (.text:PowerCC32XX_setParkState)
                  20013d44    00000064     rtsv7M4_T_le_eabi.lib : fseek.c.obj (.text:fseek)
                  20013da8    00000064     main_tirtos.obj (.text:main)
                  20013e0c    00000004     release_pem4.oem4 (.text:ti_sysbios_family_arm_m3_Hwi_delete)
                  20013e10    00000064     sysbios.aem4 : BIOS.obj (.text:ti_sysbios_family_arm_m3_Hwi_dispatchC__I)
                  20013e74    00000062     drivers_cc32xx.aem4 : UARTCC32XX.oem4 (.text:UARTCC32XX_writePolling)
                  20013ed6    00000062     rtsv7M4_T_le_eabi.lib : _io_perm.c.obj (.text:__TI_wrt_ok)
                  20013f38    00000060                           : hostopen.c.obj (.text:HOSTopen)
                  20013f98    00000060     driverlib.a : prcm.obj (.text:PRCMSysResetCauseGet)
                  20013ff8    00000060     sysbios.aem4 : BIOS.obj (.text:ti_sysbios_knl_Semaphore_post__E)
                  20014058    00000060                  : BIOS.obj (.text:ti_sysbios_knl_Swi_run__I)
                  200140b8    0000005e     slnetifwifi.a : slnetifwifi.obj (.text:SlNetIfWifi_setSockOpt)
                  20014116    00000002     --HOLE-- [fill = 0]
                  20014118    0000005c     drivers_cc32xx.aem4 : CaptureCC32XX.oem4 (.text:CaptureCC32XX_stop)
                  20014174    0000005c                         : GPIOCC32XX.oem4 (.text:GPIO_setCallback)
                  200141d0    0000005c     simplelink.a : spawn.obj (.text:_SlInternalSpawn)
                  2001422c    0000005c     rtsv7M4_T_le_eabi.lib : close.c.obj (.text:close)
                  20014288    0000005c                           : s_frexp.c.obj (.text:frexp)
                  200142e4    0000005c     httpclient_release.a : httpclient.oem4 (.text:readRawResponseBody)
                  20014340    0000005c     sysbios.aem4 : BIOS.obj (.text:ti_sysbios_family_arm_m3_Timer_start__E)
                  2001439c    00000004     release_pem4.oem4 (.text:ti_sysbios_family_arm_m3_TaskSupport_Module__startupDone__S)
                  200143a0    0000005c     sysbios.aem4 : BIOS.obj (.text:ti_sysbios_knl_Swi_schedule__I)
                  200143fc    00000004     release_pem4.oem4 (.text:ti_sysbios_heaps_HeapMem_Module_GateProxy_enter__E)
                  20014400    0000005c     sysbios.aem4 : BIOS.obj (.text:ti_sysbios_knl_Task_startCore__E)
                  2001445c    00000004     release_pem4.oem4 (.text:ti_sysbios_heaps_HeapMem_Module_GateProxy_leave__E)
                  20014460    0000005c     sysbios.aem4 : BIOS.obj (.text:xdc_runtime_Startup_exec__E)
                  200144bc    00000058     drivers_cc32xx.aem4 : GPIOCC32XX.oem4 (.text:GPIO_write)
                  20014514    00000058     rtsv7M4_T_le_eabi.lib : hostread.c.obj (.text:HOSTread)
                  2001456c    00000058                           : hostwrite.c.obj (.text:HOSTwrite)
                  200145c4    00000058     driverlib.a : prcm.obj (.text:PRCMPeripheralReset)
                  2001461c    00000058     drivers_cc32xx.aem4 : PowerCC32XX.oem4 (.text:Power_releaseDependency)
                  20014674    00000058     slnetsock_release.a : slnetsock.oem4 (.text:SlNetSock_recv)
                  200146cc    00000058                         : slnetsock.oem4 (.text:SlNetSock_send)
                  20014724    00000058     simplelink.a : sl_socket.obj (.text:_SlDrvClearCtrlSocket)
                  2001477c    00000004     release_pem4.oem4 (.text:ti_sysbios_knl_Clock_TimerProxy_getMaxTicks__E)
                  20014780    00000058     sysbios.aem4 : BIOS.obj (.text:pthread_mutex_init)
                  200147d8    00000058     simplelink.a : sl_socket.obj (.text:sl_Listen)
                  20014830    00000058                  : eventreg.obj (.text:sl_RegisterLibsEventHandler)
                  20014888    00000058     sysbios.aem4 : BIOS.obj (.text:ti_sysbios_family_arm_cc32xx_Seconds_getCount__I)
                  200148e0    00000056     drivers_cc32xx.aem4 : TimerCC32XX.oem4 (.text:TimerCC32XX_stop)
                  20014936    00000056     rtsv7M4_T_le_eabi.lib : _printfi.c.obj (.text:_pconv_f)
                  2001498c    00000054     simplelink.a : driver.obj (.text:_SlDrvRxIrqHandler)
                  200149e0    00000054     rtsv7M4_T_le_eabi.lib : ltoa.c.obj (.text:ltoa)
                  20014a34    00000054     drivers_cc32xx.aem4 : UARTCC32XX.oem4 (.text:ringBufGet)
                  20014a88    00000054     sysbios.aem4 : BIOS.obj (.text:ti_sysbios_family_arm_cc32xx_Seconds_getTime__E)
                  20014adc    00000054     release_pem4.oem4 (.text:ti_sysbios_family_arm_m3_Hwi_create)
                  20014b30    00000054     sysbios.aem4 : BIOS.obj (.text:ti_sysbios_family_arm_m3_Timer_setPeriod__E)
                  20014b84    00000052     drivers_cc32xx.aem4 : PowerCC32XX_asm.oem4 (.text:PowerCC32XX_resumeLPDS)
                  20014bd6    00000052     rtsv7M4_T_le_eabi.lib : _printfi.c.obj (.text:_ecpy)
                  20014c28    00000052     drivers_cc32xx.aem4 : TimerCC32XX.oem4 (.text:initHw)
                  20014c7a    00000002     --HOLE-- [fill = 0]
                  20014c7c    00000050     dpl_cc32xx.aem4 : ClockP_tirtos.oem4 (.text:ClockP_create)
                  20014ccc    00000050     simplelink.a : cc_pal.obj (.text:NwpRegisterInterruptHandler)
                  20014d1c    00000050     slnetsock_release.a : slnetif.oem4 (.text:SlNetIf_queryIf)
                  20014d6c    00000050     drivers_cc32xx.aem4 : TimerCC32XX.oem4 (.text:TimerCC32XX_allocateTimerResource)
                  20014dbc    00000050     simplelink.a : sl_socket.obj (.text:_SlDrvCloseCtrlSocket)
                  20014e0c    00000050                  : driver.obj (.text:_SlDrvCmdSend_noWait)
                  20014e5c    00000050                  : driver.obj (.text:_SlDrvUpdateApiInProgress)
                  20014eac    00000050                  : spawn.obj (.text:_SlInternalSpawnTaskEntry)
                  20014efc    00000050                  : eventreg.obj (.text:_SlNetAppHttpServerHdlr)
                  20014f4c    00000050                  : eventreg.obj (.text:_SlNetAppRequestHdlr)
                  20014f9c    00000050     httpclient_release.a : httpclient.oem4 (.text:removeRequestHeader)
                  20014fec    00000004     release_pem4.oem4 (.text:ti_sysbios_knl_Clock_TimerProxy_setPeriodMicroSecs__E)
                  20014ff0    00000050     sysbios.aem4 : BIOS.obj (.text:ti_sysbios_family_arm_m3_Hwi_Module_startup__E)
                  20015040    00000050                  : BIOS.obj (.text:ti_sysbios_knl_Clock_Instance_init__E)
                  20015090    00000050     release_pem4.oem4 (.text:ti_sysbios_knl_Task_create)
                  200150e0    0000004c     drivers_cc32xx.aem4 : GPIOCC32XX.oem4 (.text:GPIO_enableInt)
                  2001512c    0000004c     simplelink.a : cc_pal.obj (.text:NwpWaitForShutDownInd)
                  20015178    0000004c     drivers_cc32xx.aem4 : PowerCC32XX.oem4 (.text:PowerCC32XX_parkPin)
                  200151c4    0000004c     slnetifwifi.a : slnetifwifi.obj (.text:SlNetIfWifi_getConnectionStatus)
                  20015210    0000004c     slnetsock_release.a : slnetsock.oem4 (.text:SlNetSock_freeVirtualSocket)
                  2001525c    0000004c                         : slnetsock.oem4 (.text:SlNetSock_startSec)
                  200152a8    0000004c     rtsv7M4_T_le_eabi.lib : fflush.c.obj (.text:__TI_doflush)
                  200152f4    0000004c                           : atoi.c.obj (.text:atoi)
                  20015340    0000004c                           : cpy_tbl.c.obj (.text:copy_in)
                  2001538c    0000004c     drivers_cc32xx.aem4 : PWMTimerCC32XX.oem4 (.text:getDutyCounts)
                  200153d8    0000004c                         : PWMTimerCC32XX.oem4 (.text:getPeriodCounts)
                  20015424    0000004c     dht22.obj (.text:initCapture)
                  20015470    0000004c     MHZ16.obj (.text:readMHZ16)
                  200154bc    0000004c     drivers_cc32xx.aem4 : PowerCC32XX.oem4 (.text:restorePeriphClocks)
                  20015508    0000004c     simplelink.a : wlan.obj (.text:sl_WlanSetMode)
                  20015554    0000004c     sysbios.aem4 : m3_TaskSupport_asm.obj (.text:ti_sysbios_family_arm_m3_TaskSupport_buildTaskStack)
                  200155a0    0000004c                  : BIOS.obj (.text:ti_sysbios_heaps_HeapMem_getStats__E)
                  200155ec    00000004     release_pem4.oem4 (.text:ti_sysbios_knl_Clock_TimerProxy_start__E)
                  200155f0    0000004c     sysbios.aem4 : BIOS.obj (.text:ti_sysbios_knl_Swi_runLoop__I)
                  2001563c    00000004     release_pem4.oem4 (.text:ti_sysbios_knl_Clock_TimerProxy_stop__E)
                  20015640    0000004c     sysbios.aem4 : BIOS.obj (.text:ti_sysbios_knl_Task_allBlockedFunction__I)
                  2001568c    00000004     release_pem4.oem4 (.text:ti_sysbios_knl_Clock_delete)
                  20015690    0000004c     sysbios.aem4 : BIOS.obj (.text:ti_sysbios_knl_Task_schedule__I)
                  200156dc    00000048     driverlib.a : flash.obj (.text:FlashDisable)
                  20015724    00000048                 : prcm.obj (.text:PRCMLPDSEnter)
                  2001576c    00000048                 : prcm.obj (.text:PRCMPeripheralClkEnable)
                  200157b4    00000048     drivers_cc32xx.aem4 : PowerCC32XX.oem4 (.text:Power_releaseConstraint)
                  200157fc    00000048     slnetsock_release.a : slnetsock.oem4 (.text:SlNetSock_connect)
                  20015844    00000048                         : slnetsock.oem4 (.text:SlNetSock_init)
                  2001588c    00000048     simplelink.a : eventreg.obj (.text:_SlDeviceFatalErrorEvtHdlr)
                  200158d4    00000048                  : eventreg.obj (.text:_SlDeviceGeneralEvtHdlr)
                  2001591c    00000048                  : driver.obj (.text:_SlDrvSyncObjWaitTimeout)
                  20015964    00000048                  : eventreg.obj (.text:_SlNetAppEvtHdlr)
                  200159ac    00000048                  : eventreg.obj (.text:_SlNetAppRequestMemFree)
                  200159f4    00000048                  : eventreg.obj (.text:_SlSockEvtHdlr)
                  20015a3c    00000048                  : eventreg.obj (.text:_SlWlanEvtHdlr)
                  20015a84    00000048     dht22.obj (.text:capture)
                  20015acc    00000048     rtsv7M4_T_le_eabi.lib : fd_toi_t2.asm.obj (.text)
                  20015b14    00000004     release_pem4.oem4 (.text:ti_sysbios_knl_Semaphore_delete)
                  20015b18    00000048     sysbios.aem4 : BIOS.obj (.text:ti_sysbios_family_arm_m3_Hwi_disableInterrupt__E)
                  20015b60    00000048                  : BIOS.obj (.text:ti_sysbios_family_arm_m3_Hwi_enableInterrupt__E)
                  20015ba8    00000048                  : m3_Hwi_asm_switch.obj (.text:ti_sysbios_family_arm_m3_Hwi_initStacks__E)
                  20015bf0    00000048                  : BIOS.obj (.text:ti_sysbios_family_arm_m3_Timer_initDevice__I)
                  20015c38    00000048                  : BIOS.obj (.text:ti_sysbios_knl_Mailbox_Module_startup__E)
                  20015c80    00000048                  : BIOS.obj (.text:xdc_runtime_Core_assignParams__I)
                  20015cc8    00000046     drivers_cc32xx.aem4 : RingBuf.oem4 (.text:RingBuf_put)
                  20015d0e    00000046                         : TimerCC32XX.oem4 (.text:getPrescaler)
                  20015d54    00000044                         : Capture.oem4 (.text:Capture_init)
                  20015d98    00000044     rtsv7M4_T_le_eabi.lib : hostclose.c.obj (.text:HOSTclose)
                  20015ddc    00000044                           : hostunlink.c.obj (.text:HOSTunlink)
                  20015e20    00000044     httpclient_release.a : httpclient.oem4 (.text:HTTPClient_create)
                  20015e64    00000044     driverlib.a : prcm.obj (.text:PRCMLPDSRestoreInfoSet)
                  20015ea8    00000044     drivers_cc32xx.aem4 : PWM.oem4 (.text:PWM_init)
                  20015eec    00000044                         : PowerCC32XX_asm.oem4 (.text:PowerCC32XX_enterLPDS)
                  20015f30    00000044                         : SPI.oem4 (.text:SPI_init)
                  20015f74    00000044     slnetsock_release.a : slnetutils.oem4 (.text:SlNetUtil_strTok)
                  20015fb8    00000044     drivers_cc32xx.aem4 : Timer.oem4 (.text:Timer_init)
                  20015ffc    00000044                         : UART.oem4 (.text:UART_init)
                  20016040    00000044     boot.aem4 : boot.oem4 (.text)
                  20016084    00000044     rtsv7M4_T_le_eabi.lib : getdevice.c.obj (.text:getdevice)
                  200160c8    00000044                           : fd_tou_t2.asm.obj (.text)
                  2001610c    00000004     release_pem4.oem4 (.text:ti_sysbios_knl_Task_delete)
                  20016110    00000044     sysbios.aem4 : BIOS.obj (.text:ti_sysbios_family_arm_m3_Hwi_getStackInfo__E)
                  20016154    00000004     release_pem4.oem4 (.text:xdc_runtime_System_Module_GateProxy_enter__E)
                  20016158    00000044     sysbios.aem4 : BIOS.obj (.text:ti_sysbios_knl_Mailbox_postInit__I)
                  2001619c    00000004     release_pem4.oem4 (.text:xdc_runtime_System_Module_GateProxy_leave__E)
                  200161a0    00000044     sysbios.aem4 : BIOS.obj (.text:ti_sysbios_knl_Swi_post__E)
                  200161e4    00000004     --HOLE-- [fill = 0]
                  200161e8    00000044                  : BIOS.obj (.text:xdc_runtime_System_atexit__E)
                  2001622c    00000042     httpclient_release.a : httpclient.oem4 (.text:initializeCB)
                  2001626e    00000002     --HOLE-- [fill = 0]
                  20016270    00000040     drivers_cc32xx.aem4 : Capture.oem4 (.text:Capture_open)
                  200162b0    00000040     simplelink.a : sl_socket.obj (.text:CountSetBits)
                  200162f0    00000040     dpl_cc32xx.aem4 : HwiP_tirtos.oem4 (.text:HwiP_create)
                  20016330    00000040     drivers_cc32xx.aem4 : PWM.oem4 (.text:PWM_open)
                  20016370    00000040     driverlib.a : pin.obj (.text:PinModeSet)
                  200163b0    00000040     drivers_cc32xx.aem4 : RingBuf.oem4 (.text:RingBuf_get)
                  200163f0    00000040                         : SPI.oem4 (.text:SPI_open)
                  20016430    00000040     slnetsock_release.a : slnetsock.oem4 (.text:SlNetSock_secAttribSet)
                  20016470    00000040     drivers_cc32xx.aem4 : Timer.oem4 (.text:Timer_open)
                  200164b0    00000040                         : UARTCC32XX.oem4 (.text:UARTCC32XX_read)
                  200164f0    00000040                         : UART.oem4 (.text:UART_open)
                  20016530    00000040                         : UDMACC32XX.oem4 (.text:UDMACC32XX_init)
                  20016570    00000040     simplelink.a : driver.obj (.text:_SlDrvGlobalObjUnLock)
                  200165b0    00000040                  : driver.obj (.text:_SlFindAndReleasePendingCmd)
                  200165f0    00000040                  : spawn.obj (.text:_SlInternalSpawnWaitForEvent)
                  20016630    00000040                  : eventreg.obj (.text:_SlIsEventRegistered)
                  20016670    00000040     httpclient_release.a : httpclient.oem4 (.text:clearReqHeaders)
                  200166b0    00000040     rtsv7M4_T_le_eabi.lib : sprintf.c.obj (.text:sprintf)
                  200166f0    00000040     sysbios.aem4 : BIOS.obj (.text:ti_sysbios_heaps_HeapMem_Instance_init__E)
                  20016730    00000040     rtsv7M4_T_le_eabi.lib : vsnprintf.c.obj (.text:vsnprintf)
                  20016770    0000003e     slnetsock_release.a : slnetsock.oem4 (.text:SlNetSock_close)
                  200167ae    0000003e     simplelink.a : sl_socket.obj (.text:_SlSocketBuildAddress)
                  200167ec    0000003e     rtsv7M4_T_le_eabi.lib : _printfi.c.obj (.text:_fcpy)
                  2001682a    00000006     drivers_cc32xx.aem4 : CaptureCC32XX.oem4 (.text:CaptureCC32XX_control)
                  20016830    0000003e     sysbios.aem4 : BIOS.obj (.text:sem_timedwait)
                  2001686e    00000002     --HOLE-- [fill = 0]
                  20016870    0000003c     drivers_cc32xx.aem4 : PowerCC32XX.oem4 (.text:Power_setConstraint)
                  200168ac    0000003c     dpl_cc32xx.aem4 : SemaphoreP_tirtos.oem4 (.text:SemaphoreP_create)
                  200168e8    0000003c     simplelink.a : netapp.obj (.text:_SlNetAppCopyPingResultsToReport)
                  20016924    00000004     --HOLE-- [fill = 0]
                  20016928    0000003c     sysbios.aem4 : BIOS.obj (.text:pthread_mutex_unlock)
                  20016964    00000004     --HOLE-- [fill = 0]
                  20016968    0000003c                  : BIOS.obj (.text:sleep)
                  200169a4    00000004     --HOLE-- [fill = 0]
                  200169a8    0000003c                  : BIOS.obj (.text:ti_sysbios_family_arm_m3_Hwi_Instance_finalize__E)
                  200169e4    00000004     --HOLE-- [fill = 0]
                  200169e8    0000003c                  : BIOS.obj (.text:ti_sysbios_family_arm_m3_Timer_setPeriodMicroSecs__E)
                  20016a24    0000003c     release_pem4.oem4 (.text:ti_sysbios_knl_Clock_create)
                  20016a60    0000003c     sysbios.aem4 : BIOS.obj (.text:ti_sysbios_knl_Clock_walkQueuePeriodic__E)
                  20016a9c    00000004     --HOLE-- [fill = 0]
                  20016aa0    0000003c                  : BIOS.obj (.text:ti_sysbios_knl_Swi_restore__E)
                  20016adc    0000003c     simplelink.a : sl_socket.obj (.text:to_mSec)
                  20016b18    0000003c     sysbios.aem4 : BIOS.obj (.text:usleep)
                  20016b54    00000004     --HOLE-- [fill = 0]
                  20016b58    0000003c                  : BIOS.obj (.text:xdc_runtime_System_processAtExit__E)
                  20016b94    0000003a     slnetifwifi.a : slnetifwifi.obj (.text:SlNetIfWifi_getIPAddr)
                  20016bce    0000003a     drivers_cc32xx.aem4 : TimerCC32XX.oem4 (.text:TimerCC32XX_close)
                  20016c08    0000003a     httpclient_release.a : httpclient.oem4 (.text:clearResponseValues)
                  20016c42    0000003a     dpl_cc32xx.aem4 : PowerCC32XX_tirtos.oem4 (.text:getCountsRTC)
                  20016c7c    0000003a     drivers_cc32xx.aem4 : CaptureCC32XX.oem4 (.text:getPowerMgrId)
                  20016cb6    0000003a                         : PWMTimerCC32XX.oem4 (.text:getPowerMgrId)
                  20016cf0    0000003a     httpclient_release.a : httpclient.oem4 (.text:stringncasecmp)
                  20016d2a    00000002     --HOLE-- [fill = 0]
                  20016d2c    00000038     drivers_cc32xx.aem4 : GPIOCC32XX.oem4 (.text:GPIO_read)
                  20016d64    00000038     driverlib.a : prcm.obj (.text:PRCMLPDSEnterKeepDebugIf)
                  20016d9c    00000038     slnetifwifi.a : slnetifwifi.obj (.text:SlNetIfWifi_recvFrom)
                  20016dd4    00000038                   : slnetifwifi.obj (.text:SlNetIfWifi_sendTo)
                  20016e0c    00000038                   : slnetifwifi.obj (.text:SlNetIfWifi_socket)
                  20016e44    00000038     slnetsock_release.a : slnetif.oem4 (.text:SlNetIf_configCheck)
                  20016e7c    00000038                         : slnetutils.oem4 (.text:SlNetUtil_htonl)
                  20016eb4    00000038     rtsv7M4_T_le_eabi.lib : trgmsg.c.obj (.text:__TI_writemsg)
                  20016eec    00000038     drivers_cc32xx.aem4 : PowerCC32XX.oem4 (.text:notify)
                  20016f24    00000038     platform.obj (.text:printError)
                  20016f5c    00000038     httpclient_release.a : httpclient.oem4 (.text:stringcasecmp)
                  20016f94    00000004     --HOLE-- [fill = 0]
                  20016f98    00000038     sysbios.aem4 : BIOS.obj (.text:ti_sysbios_knl_Task_processVitalTaskFlag__I)
                  20016fd0    00000036     slnetifwifi.a : slnetifwifi.obj (.text:SlNetIfWifi_getHostByName)
                  20017006    00000036                   : slnetifwifi.obj (.text:SlNetIfWifi_select)
                  2001703c    00000036     drivers_cc32xx.aem4 : TimerCC32XX.oem4 (.text:TimerCC32XX_hwiIntFunction)
                  20017072    00000036     driverlib.a : timer.obj (.text:TimerControlStall)
                  200170a8    00000036     drivers_cc32xx.aem4 : UARTCC32XX.oem4 (.text:UARTCC32XX_readCancel)
                  200170de    00000036     rtsv7M4_T_le_eabi.lib : strncpy.c.obj (.text:strncpy)
                  20017114    00000034     dht22.obj (.text:CtoF)
                  20017148    00000034     driverlib.a : pin.obj (.text:PinModeGet)
                  2001717c    00000034     drivers_cc32xx.aem4 : PowerCC32XX.oem4 (.text:PowerCC32XX_restoreParkState)
                  200171b0    00000034     slnetsock_release.a : slnetutils.oem4 (.text:SlNetUtil_htons)
                  200171e4    00000034     drivers_cc32xx.aem4 : TimerCC32XX.oem4 (.text:TimerCC32XX_freeTimerResource)
                  20017218    00000034                         : UDMACC32XX.oem4 (.text:UDMACC32XX_close)
                  2001724c    00000034     rtsv7M4_T_le_eabi.lib : fopen.c.obj (.text:__TI_cleanup)
                  20017280    00000034                           : trgmsg.c.obj (.text:__TI_readmsg)
                  200172b4    00000004     --HOLE-- [fill = 0]
                  200172b8    00000034     sysbios.aem4 : BIOS.obj (.text:_pthread_delete$41)
                  200172ec    00000034     drivers_cc32xx.aem4 : TimerCC32XX.oem4 (.text:getPowerMgrId)
                  20017320    00000034     rtsv7M4_T_le_eabi.lib : strstr.c.obj (.text:strstr)
                  20017354    00000004     --HOLE-- [fill = 0]
                  20017358    00000034     sysbios.aem4 : BIOS.obj (.text:ti_sysbios_family_arm_m3_Timer_periodicStub__I)
                  2001738c    00000034     release_pem4.oem4 (.text:ti_sysbios_knl_Semaphore_create)
                  200173c0    00000032     sysbios.aem4 : BIOS.obj (.text:ti_sysbios_hal_Hwi_initStack)
                  200173f2    00000030     drivers_cc32xx.aem4 : PowerCC32XX.oem4 (.text:PowerCC32XX_restoreParkedPin)
                  20017422    00000002     --HOLE-- [fill = 0]
                  20017424    00000030     driverlib.a : timer.obj (.text:TimerControlEvent)
                  20017454    00000030     simplelink.a : fs.obj (.text:_SlFsStrlen)
                  20017484    00000030     rtsv7M4_T_le_eabi.lib : vsnprintf.c.obj (.text:_outs)
                  200174b4    00000030                           : getdevice.c.obj (.text:finddevice)
                  200174e4    00000030     release_pem4.oem4 (.text:ti_sysbios_BIOS_atExitFunc__I)
                  20017514    00000030     release_pem4.oem4 (.text:ti_sysbios_BIOS_startFunc__I)
                  20017544    00000004     --HOLE-- [fill = 0]
                  20017548    00000030     sysbios.aem4 : BIOS.obj (.text:ti_sysbios_family_arm_m3_TaskSupport_start__E)
                  20017578    00000030     release_pem4.oem4 (.text:ti_sysbios_gates_GateHwi_Object__create__S)
                  200175a8    00000030     release_pem4.oem4 (.text:ti_sysbios_gates_GateMutex_Object__create__S)
                  200175d8    00000030     sysbios.aem4 : BIOS.obj (.text:ti_sysbios_gates_GateMutex_enter__E)
                  20017608    00000030     release_pem4.oem4 (.text:ti_sysbios_heaps_HeapMem_Object__create__S)
                  20017638    00000030     release_pem4.oem4 (.text:ti_sysbios_knl_Semaphore_construct)
                  20017668    00000030     sysbios.aem4 : BIOS.obj (.text:ti_sysbios_knl_Semaphore_pendTimeout__I)
                  20017698    00000030                  : BIOS.obj (.text:ti_sysbios_knl_Task_restore__E)
                  200176c8    00000030                  : BIOS.obj (.text:ti_sysbios_knl_Task_unblockI__E)
                  200176f8    0000002e     simplelink.a : cc_pal.obj (.text:Mutex_create_handle)
                  20017726    0000002e     rtsv7M4_T_le_eabi.lib : i_tofd_t2.asm.obj (.text)
                  20017754    0000002e     release_pem4.oem4 (.text:ti_sysbios_rts_MemAlloc_alloc)
                  20017782    0000002c     httpclient_release.a : httpclient.oem4 (.text:HTTPClient_destroy)
                  200177ae    00000002     --HOLE-- [fill = 0]
                  200177b0    0000002c     simplelink.a : cc_pal.obj (.text:NwpPowerOn)
                  200177dc    0000002c     drivers_cc32xx.aem4 : PowerCC32XX.oem4 (.text:PowerCC32XX_getParkState)
                  20017808    0000002c     dpl_cc32xx.aem4 : SemaphoreP_tirtos.oem4 (.text:SemaphoreP_createBinary)
                  20017834    0000002c     slnetifwifi.a : slnetifwifi.obj (.text:SlNetIfWifi_recv)
                  20017860    0000002c                   : slnetifwifi.obj (.text:SlNetIfWifi_send)
                  2001788c    0000002c     simplelink.a : driver.obj (.text:_SlDrvSyncObjWaitForever)
                  200178b8    0000002c     sysbios.aem4 : BIOS.obj (.text:_pthread_cleanupFxn)
                  200178e4    00000004     --HOLE-- [fill = 0]
                  200178e8    0000002c                  : BIOS.obj (.text:clockFxn$39)
                  20017914    00000004     --HOLE-- [fill = 0]
                  20017918    0000002c                  : BIOS.obj (.text:getTime$20)
                  20017944    0000002c     lcd.obj (.text:lcd_character)
                  20017970    0000002c     lcd.obj (.text:lcd_command)
                  2001799c    0000002c     lcd.obj (.text:lcd_string)
                  200179c8    0000002c     rtsv7M4_T_le_eabi.lib : strncmp.c.obj (.text:strncmp)
                  200179f4    0000002c     release_pem4.oem4 (.text:ti_sysbios_gates_GateHwi_Handle__label__S)
                  20017a20    0000002c     release_pem4.oem4 (.text:ti_sysbios_gates_GateMutex_Handle__label__S)
                  20017a4c    0000002c     release_pem4.oem4 (.text:ti_sysbios_heaps_HeapMem_Handle__label__S)
                  20017a78    0000002c     release_pem4.oem4 (.text:ti_sysbios_knl_Clock_doTick__I)
                  20017aa4    0000002c     release_pem4.oem4 (.text:ti_sysbios_knl_Queue_construct)
                  20017ad0    0000002c     rtsv7M4_T_le_eabi.lib : unlink.c.obj (.text:unlink)
                  20017afc    0000002a     slnetsock_release.a : slnetutils.oem4 (.text:SlNetUtil_inetPton)
                  20017b26    0000002a     driverlib.a : timer.obj (.text:TimerLoadSet)
                  20017b50    0000002a                 : timer.obj (.text:TimerPrescaleSet)
                  20017b7a    0000002a     release_pem4.oem4 (.text:calloc)
                  20017ba4    00000004     --HOLE-- [fill = 0]
                  20017ba8    0000002a     sysbios.aem4 : BIOS.obj (.text:sem_init)
                  20017bd2    00000002     --HOLE-- [fill = 0]
                  20017bd4    00000028     dht22.obj (.text:DHT_begin)
                  20017bfc    00000028     driverlib.a : prcm.obj (.text:PRCMPeripheralClkDisable)
                  20017c24    00000028     dpl_cc32xx.aem4 : PowerCC32XX_tirtos.oem4 (.text:PowerCC32XX_initPolicy)
                  20017c4c    00000028     drivers_cc32xx.aem4 : PowerCC32XX.oem4 (.text:Power_registerNotify)
                  20017c74    00000028     slnetsock_release.a : slnetif.oem4 (.text:SlNetIf_getIfByID)
                  20017c9c    00000028                         : slnetsock.oem4 (.text:SlNetSock_secAttribDelete)
                  20017cc4    00000028     simplelink.a : driver.obj (.text:_SlDrvProtectionObjLockWaitForever)
                  20017cec    00000028                  : driver.obj (.text:_SlDrvProtectionObjUnLock)
                  20017d14    00000028                  : flowcont.obj (.text:_SlFlowContSet)
                  20017d3c    00000028     rtsv7M4_T_le_eabi.lib : lseek.c.obj (.text:lseek)
                  20017d64    00000028     sysbios.aem4 : m3_Hwi_asm.obj (.text:ti_sysbios_family_arm_m3_Hwi_excHandlerAsm__I)
                  20017d8c    00000004     --HOLE-- [fill = 0]
                  20017d90    00000028                  : BIOS.obj (.text:ti_sysbios_knl_Clock_addI__E)
                  20017db8    00000028                  : BIOS.obj (.text:ti_sysbios_knl_Swi_Module_startup__E)
                  20017de0    00000028     rtsv7M4_T_le_eabi.lib : write.c.obj (.text:write)
                  20017e08    00000026     drivers_cc32xx.aem4 : List.oem4 (.text:List_put)
                  20017e2e    00000026                         : List.oem4 (.text:List_remove)
                  20017e54    00000024                         : PowerCC32XX.oem4 (.text:PowerCC32XX_reset)
                  20017e78    00000024     slnetsock_release.a : slnetif.oem4 (.text:SlNetIf_getConnectionStatus)
                  20017e9c    00000024                         : slnetsock.oem4 (.text:SlNetSock_getIfID)
                  20017ec0    00000024     simplelink.a : driver.obj (.text:_SlDrvIsApiInProgress)
                  20017ee4    00000024                  : driver.obj (.text:_SlDrvStartMeasureTimeout)
                  20017f08    00000024     sysbios.aem4 : BIOS.obj (.text:pthread_attr_init)
                  20017f2c    00000024     release_pem4.oem4 (.text:ti_sysbios_BIOS_registerRTSLock__I)
                  20017f50    00000024     release_pem4.oem4 (.text:ti_sysbios_BIOS_removeRTSLock__I)
                  20017f74    00000004     --HOLE-- [fill = 0]
                  20017f78    00000024     sysbios.aem4 : BIOS.obj (.text:ti_sysbios_family_arm_m3_Timer_postInit__I)
                  20017f9c    00000004     --HOLE-- [fill = 0]
                  20017fa0    00000024                  : BIOS.obj (.text:ti_sysbios_family_arm_m3_Timer_startup__E)
                  20017fc4    00000024     release_pem4.oem4 (.text:ti_sysbios_gates_GateMutex_Object__delete__S)
                  20017fe8    00000024     sysbios.aem4 : BIOS.obj (.text:ti_sysbios_knl_Clock_Module_startup__E)
                  2001800c    00000024     release_pem4.oem4 (.text:ti_sysbios_knl_Clock_Object__delete__S)
                  20018030    00000024     sysbios.aem4 : BIOS.obj (.text:ti_sysbios_knl_Clock_start__E)
                  20018054    00000004     --HOLE-- [fill = 0]
                  20018058    00000024                  : BIOS.obj (.text:ti_sysbios_knl_Semaphore_Instance_init__E)
                  2001807c    00000024     release_pem4.oem4 (.text:ti_sysbios_knl_Semaphore_Object__delete__S)
                  200180a0    00000024     sysbios.aem4 : BIOS.obj (.text:ti_sysbios_knl_Task_restoreHwi__E)
                  200180c4    00000004     --HOLE-- [fill = 0]
                  200180c8    00000024                  : BIOS.obj (.text:xdc_runtime_Error_policyMin__E)
                  200180ec    00000022     driverlib.a : timer.obj (.text:TimerValueSet)
                  2001810e    00000002     --HOLE-- [fill = 0]
                  20018110    00000020     drivers_cc32xx.aem4 : PowerCC32XX.oem4 (.text:Power_unregisterNotify)
                  20018130    00000020                         : RingBuf.oem4 (.text:RingBuf_peek)
                  20018150    00000020     slnetifwifi.a : slnetifwifi.obj (.text:SlNetIfWifi_accept)
                  20018170    00000020     drivers_cc32xx.aem4 : SPICC32XXDMA.oem4 (.text:getPowerMgrId)
                  20018190    00000020                         : UARTCC32XX.oem4 (.text:getPowerMgrId)
                  200181b0    00000020     rtsv7M4_T_le_eabi.lib : memchr.c.obj (.text:memchr)
                  200181d0    00000020     dht22.obj (.text:restartCapture)
                  200181f0    00000020     rtsv7M4_T_le_eabi.lib : u_tofd_t2.asm.obj (.text)
                  20018210    00000020     release_pem4.oem4 (.text:ti_sysbios_BIOS_rtsLock__I)
                  20018230    00000020     release_pem4.oem4 (.text:ti_sysbios_family_arm_m3_Hwi_Object__delete__S)
                  20018250    00000020     sysbios.aem4 : BIOS.obj (.text:ti_sysbios_family_arm_m3_Hwi_clearInterrupt__E)
                  20018270    00000020     release_pem4.oem4 (.text:ti_sysbios_gates_GateHwi_Object__delete__S)
                  20018290    00000020     release_pem4.oem4 (.text:ti_sysbios_heaps_HeapMem_Object__delete__S)
                  200182b0    00000020     sysbios.aem4 : BIOS.obj (.text:ti_sysbios_knl_Idle_run__E)
                  200182d0    00000020     release_pem4.oem4 (.text:ti_sysbios_knl_Semaphore_destruct)
                  200182f0    00000020     release_pem4.oem4 (.text:ti_sysbios_knl_Task_Object__delete__S)
                  20018310    0000001e     slnetifwifi.a : slnetifwifi.obj (.text:SlNetIfWifi_bind)
                  2001832e    0000001e                   : slnetifwifi.obj (.text:SlNetIfWifi_connect)
                  2001834c    0000001e     driverlib.a : timer.obj (.text:TimerDisable)
                  2001836a    0000001e                 : timer.obj (.text:TimerEnable)
                  20018388    0000001e     simplelink.a : driver.obj (.text:_SlDrvObjLockWaitForever)
                  200183a6    0000001e                  : driver.obj (.text:_SlDrvObjUnLock)
                  200183c4    0000001e                  : driver.obj (.text:_SlDrvSyncObjSignal)
                  200183e2    0000001e     drivers_cc32xx.aem4 : UDMACC32XX.oem4 (.text:postNotifyFxn)
                  20018400    0000001e     httpclient_release.a : httpclient.oem4 (.text:searchRequestHeader)
                  2001841e    0000001e     rtsv7M4_T_le_eabi.lib : strcat.c.obj (.text:strcat)
                  2001843c    0000001e     sysbios.aem4 : m3_Hwi_asm_switch.obj (.text:ti_sysbios_family_xxx_Hwi_switchAndRunFunc)
                  2001845a    00000002     --HOLE-- [fill = 0]
                  2001845c    0000001c     driverlib.a : pin.obj (.text:PinToPadGet)
                  20018478    0000001c                 : timer.obj (.text:TimerValueGet)
                  20018494    0000001c     simplelink.a : device.obj (.text:_SlDeviceGetStartResponseConvert)
                  200184b0    0000001c                  : spawn.obj (.text:_SlInternalIsItSpawnThread)
                  200184cc    0000001c     rtsv7M4_T_le_eabi.lib : memccpy.c.obj (.text:memccpy)
                  200184e8    0000001c     sysbios.aem4 : BIOS.obj (.text:ti_sysbios_family_arm_m3_Hwi_excHandler__I)
                  20018504    00000004     --HOLE-- [fill = 0]
                  20018508    0000001c                  : BIOS.obj (.text:ti_sysbios_family_arm_m3_Timer_Module_startup__E)
                  20018524    00000004     --HOLE-- [fill = 0]
                  20018528    0000001c                  : BIOS.obj (.text:ti_sysbios_family_arm_m3_Timer_stop__E)
                  20018544    00000004     --HOLE-- [fill = 0]
                  20018548    0000001c                  : BIOS.obj (.text:ti_sysbios_gates_GateMutex_Instance_init__E)
                  20018564    00000004     --HOLE-- [fill = 0]
                  20018568    0000001c                  : BIOS.obj (.text:ti_sysbios_knl_Clock_Instance_finalize__E)
                  20018584    0000001c     release_pem4.oem4 (.text:ti_sysbios_knl_Queue_destruct)
                  200185a0    0000001c     sysbios.aem4 : BIOS.obj (.text:ti_sysbios_knl_Queue_put__E)
                  200185bc    00000004     --HOLE-- [fill = 0]
                  200185c0    0000001c                  : BIOS.obj (.text:ti_sysbios_knl_Task_enter__I)
                  200185dc    00000004     --HOLE-- [fill = 0]
                  200185e0    0000001c                  : BIOS.obj (.text:ti_sysbios_rts_ti_ReentSupport_getReent__F)
                  200185fc    0000001c     httpclient_release.a : httpclient.oem4 (.text:validateResponseHeader)
                  20018618    0000001a     slnetifwifi.a : slnetifwifi.obj (.text:SlNetIfWifi_listen)
                  20018632    0000001a     release_pem4.oem4 (.text:free)
                  2001864c    0000001a     sysbios.aem4 : m3_Hwi_asm.obj (.text:ti_sysbios_family_arm_m3_Hwi_pendSV__I)
                  20018666    00000002     --HOLE-- [fill = 0]
                  20018668    00000018     drivers_cc32xx.aem4 : PowerCC32XX.oem4 (.text:Power_idleFunc)
                  20018680    00000018                         : TimerCC32XX.oem4 (.text:TimerCC32XX_getCount)
                  20018698    00000018     driverlib.a : timer.obj (.text:TimerIntDisable)
                  200186b0    00000018                 : timer.obj (.text:TimerIntEnable)
                  200186c8    00000018                 : uart.obj (.text:UARTBusy)
                  200186e0    00000018                 : uart.obj (.text:UARTIntEnable)
                  200186f8    00000018     drivers_cc32xx.aem4 : UART.oem4 (.text:UART_Params_init)
                  20018710    00000018     rtsv7M4_T_le_eabi.lib : args_main.c.obj (.text:_args_main)
                  20018728    00000018                           : vsnprintf.c.obj (.text:_outc)
                  20018740    00000018                           : sprintf.c.obj (.text:_outs)
                  20018758    00000018     httpclient_release.a : httpclient.oem4 (.text:countChar)
                  20018770    00000018     rtsv7M4_T_le_eabi.lib : ll_mul_t2.asm.obj (.text)
                  20018788    00000018                           : strcmp.c.obj (.text:strcmp)
                  200187a0    00000018     release_pem4.oem4 (.text:ti_sysbios_BIOS_rtsUnlock__I)
                  200187b8    00000018     release_pem4.oem4 (.text:ti_sysbios_family_arm_m3_Hwi_Module__startupDone__F)
                  200187d0    00000018     release_pem4.oem4 (.text:ti_sysbios_family_arm_m3_Timer_Module__startupDone__F)
                  200187e8    00000018     sysbios.aem4 : BIOS.obj (.text:ti_sysbios_gates_GateMutex_leave__E)
                  20018800    00000018                  : BIOS.obj (.text:ti_sysbios_knl_Task_sleepTimeout__I)
                  20018818    00000018     release_pem4.oem4 (.text:ti_sysbios_rts_ti_ReentSupport_getTlsAddr__I)
                  20018830    00000018     sysbios.aem4 : BIOS.obj (.text:xdc_runtime_Error_init__E)
                  20018848    00000018                  : BIOS.obj (.text:xdc_runtime_System_exit__E)
                  20018860    00000016     driverlib.a : prcm.obj (.text:PRCMHIBRegRead)
                  20018876    00000016                 : prcm.obj (.text:PRCMHIBRegWrite)
                  2001888c    00000016     simplelink.a : driver.obj (.text:_SlDrvMemZero)
                  200188a2    00000016     httpclient_release.a : httpclient.oem4 (.text:clearNonPersistResponseFilter)
                  200188b8    00000016     MHZ16.obj (.text:getPPM)
                  200188ce    00000002     --HOLE-- [fill = 0]
                  200188d0    00000016     sysbios.aem4 : BIOS.obj (.text:pthread_mutex_destroy)
                  200188e6    00000016     rtsv7M4_T_le_eabi.lib : strchr.c.obj (.text:strchr)
                  200188fc    00000016     release_pem4.oem4 (.text:ti_sysbios_BIOS_exitFunc__I)
                  20018912    00000002     --HOLE-- [fill = 0]
                  20018914    00000014     drivers_cc32xx.aem4 : PWM.oem4 (.text:PWM_Params_init)
                  20018928    00000014                         : PowerCC32XX.oem4 (.text:Power_getDependencyCount)
                  2001893c    00000014                         : SPI.oem4 (.text:SPI_Params_init)
                  20018950    00000014     sysbios.aem4 : BIOS.obj (.text:pthread_attr_setschedparam)
                  20018964    00000014     drivers_cc32xx.aem4 : UARTCC32XX.oem4 (.text:releasePowerConstraint)
                  20018978    00000014     rtsv7M4_T_le_eabi.lib : strcpy.c.obj (.text:strcpy)
                  2001898c    00000014                           : strlen.c.obj (.text:strlen)
                  200189a0    00000014     release_pem4.oem4 (.text:ti_sysbios_family_arm_m3_Hwi_Object__get__S)
                  200189b4    00000004     --HOLE-- [fill = 0]
                  200189b8    00000014     sysbios.aem4 : BIOS.obj (.text:ti_sysbios_family_arm_m3_Hwi_switchFromBootStack__E)
                  200189cc    00000014     release_pem4.oem4 (.text:ti_sysbios_heaps_HeapMem_Object__get__S)
                  200189e0    00000014     sysbios.aem4 : BIOS.obj (.text:ti_sysbios_knl_Clock_tickReconfig__E)
                  200189f4    00000014     release_pem4.oem4 (.text:ti_sysbios_knl_Swi_Object__get__S)
                  20018a08    00000014     IRBlaster.obj (.text:timerCallback)
                  20018a1c    00000012     drivers_cc32xx.aem4 : RingBuf.oem4 (.text:RingBuf_construct)
                  20018a2e    00000012     dpl_cc32xx.aem4 : SemaphoreP_tirtos.oem4 (.text:SemaphoreP_pend)
                  20018a40    00000012     slnetifwifi.a : slnetifwifi.obj (.text:SlNetIfWifi_close)
                  20018a52    00000012     driverlib.a : timer.obj (.text:TimerIntClear)
                  20018a64    00000004     --HOLE-- [fill = 0]
                  20018a68    00000012     sysbios.aem4 : BIOS.obj (.text:_pthread_runStub$41)
                  20018a7a    00000012     drivers_cc32xx.aem4 : PWMTimerCC32XX.oem4 (.text:postNotifyFxn)
                  20018a8c    00000004     --HOLE-- [fill = 0]
                  20018a90    00000012     sysbios.aem4 : BIOS.obj (.text:ti_sysbios_hal_Hwi_Module_startup__E)
                  20018aa2    00000012     rtsv7M4_T_le_eabi.lib : wcslen.c.obj (.text:wcslen)
                  20018ab4    00000012     release_pem4.oem4 (.text:xdc_runtime_Startup_exec__I)
                  20018ac6    00000010     ti_drivers_config.obj (.text:Board_init)
                  20018ad6    00000002     --HOLE-- [fill = 0]
                  20018ad8    00000010     drivers_cc32xx.aem4 : Capture.oem4 (.text:Capture_Params_init)
                  20018ae8    00000010     dpl_cc32xx.aem4 : HwiP_tirtos.oem4 (.text:HwiP_Params_init)
                  20018af8    00000010     slnetsock_release.a : slnetsock.oem4 (.text:SlNetSock_secAttribCreate)
                  20018b08    00000010     drivers_cc32xx.aem4 : Timer.oem4 (.text:Timer_Params_init)
                  20018b18    00000010     simplelink.a : driver.obj (.text:_SlDrvDispatchHttpServerEvents)
                  20018b28    00000010                  : driver.obj (.text:_SlDrvDispatchNetAppRequestEvents)
                  20018b38    00000010                  : driver.obj (.text:_SlDrvIsSpawnOwnGlobalLock)
                  20018b48    00000010     ti_drivers_config.obj (.text:dmaErrorFxn)
                  20018b58    00000010     sysbios.aem4 : BIOS.obj (.text:pthread_mutexattr_init)
                  20018b68    00000010                  : BIOS.obj (.text:pthread_mutexattr_settype)
                  20018b78    00000010     drivers_cc32xx.aem4 : UARTCC32XX.oem4 (.text:readBlockingTimeout)
                  20018b88    00000010     httpclient_release.a : httpclient.oem4 (.text:skipWhiteSpace)
                  20018b98    00000010     sysbios.aem4 : BIOS.obj (.text:ti_sysbios_BIOS_getCpuFreq__E)
                  20018ba8    00000010                  : BIOS.obj (.text:ti_sysbios_BIOS_setThreadType__E)
                  20018bb8    00000010                  : BIOS.obj (.text:ti_sysbios_BIOS_start__E)
                  20018bc8    00000010                  : m3_TaskSupport_asm.obj (.text:ti_sysbios_family_arm_m3_TaskSupport_glue)
                  20018bd8    00000010                  : m3_TaskSupport_asm.obj (.text:ti_sysbios_family_arm_m3_TaskSupport_swap__E)
                  20018be8    00000010                  : BIOS.obj (.text:ti_sysbios_gates_GateMutex_Instance_finalize__E)
                  20018bf8    00000010     release_pem4.oem4 (.text:ti_sysbios_knl_Mailbox_Object__get__S)
                  20018c08    00000010     sysbios.aem4 : BIOS.obj (.text:ti_sysbios_knl_Semaphore_Instance_finalize__E)
                  20018c18    00000010                  : BIOS.obj (.text:ti_sysbios_knl_Swi_disable__E)
                  20018c28    00000010     release_pem4.oem4 (.text:ti_sysbios_knl_Task_Object__get__S)
                  20018c38    00000010     sysbios.aem4 : BIOS.obj (.text:ti_sysbios_knl_Task_disable__E)
                  20018c48    00000010                  : BIOS.obj (.text:xdc_runtime_Memory_free__E)
                  20018c58    00000010                  : BIOS.obj (.text:xdc_runtime_SysCallback_abort__E)
                  20018c68    00000010                  : BIOS.obj (.text:xdc_runtime_SysCallback_exit__E)
                  20018c78    0000000e     drivers_cc32xx.aem4 : RingBuf.oem4 (.text:RingBuf_isFull)
                  20018c86    0000000e     simplelink.a : driver.obj (.text:_SlDrvResetCmdExt)
                  20018c94    0000000e     rtsv7M4_T_le_eabi.lib : copy_decompress_none.c.obj (.text:decompress:none:__TI_decompress_none)
                  20018ca2    0000000e     drivers_cc32xx.aem4 : SPICC32XXDMA.oem4 (.text:postNotifyFxn)
                  20018cb0    0000000e     sysbios.aem4 : BIOS.obj (.text:pthread_attr_setdetachstate)
                  20018cbe    00000002     --HOLE-- [fill = 0]
                  20018cc0    0000000e                  : BIOS.obj (.text:sem_wait)
                  20018cce    0000000e     simplelink.a : cc_pal.obj (.text:spi_Close)
                  20018cdc    00000004     --HOLE-- [fill = 0]
                  20018ce0    0000000e     sysbios.aem4 : BIOS.obj (.text:ti_sysbios_knl_Idle_loop__E)
                  20018cee    00000002     --HOLE-- [fill = 0]
                  20018cf0    0000000e                  : BIOS.obj (.text:ti_sysbios_knl_Queue_empty__E)
                  20018cfe    0000000c     dpl_cc32xx.aem4 : ClockP_tirtos.oem4 (.text:ClockP_delete)
                  20018d0a    00000002     --HOLE-- [fill = 0]
                  20018d0c    0000000c                     : ClockP_tirtos.oem4 (.text:ClockP_getSystemTickPeriod)
                  20018d18    0000000c                     : HwiP_tirtos.oem4 (.text:HwiP_delete)
                  20018d24    0000000c     simplelink.a : cc_pal.obj (.text:NwpMaskInterrupt)
                  20018d30    0000000c                  : cc_pal.obj (.text:NwpUnMaskInterrupt)
                  20018d3c    0000000c     drivers_cc32xx.aem4 : PowerCC32XX.oem4 (.text:Power_getConstraintMask)
                  20018d48    0000000c     dpl_cc32xx.aem4 : SemaphoreP_tirtos.oem4 (.text:SemaphoreP_delete)
                  20018d54    0000000c     platform.obj (.text:SimpleLinkHttpServerEventHandler)
                  20018d60    0000000c     platform.obj (.text:SimpleLinkNetAppRequestEventHandler)
                  20018d6c    0000000c     simplelink.a : device.obj (.text:_SlDeviceResetRequestInitCompletedCB)
                  20018d78    0000000c     rtsv7M4_T_le_eabi.lib : _lock.c.obj (.text:_register_lock)
                  20018d84    0000000c                           : _lock.c.obj (.text:_register_unlock)
                  20018d90    0000000c                           : s_copysign.c.obj (.text:copysign)
                  20018d9c    0000000c                           : copy_zero_init.c.obj (.text:decompress:ZI:__TI_zero_init)
                  20018da8    0000000c     drivers_cc32xx.aem4 : CaptureCC32XX.oem4 (.text:postNotifyFxn)
                  20018db4    0000000c                         : TimerCC32XX.oem4 (.text:postNotifyFxn)
                  20018dc0    0000000c                         : UARTCC32XX.oem4 (.text:postNotifyFxn)
                  20018dcc    00000004     --HOLE-- [fill = 0]
                  20018dd0    0000000c     sysbios.aem4 : BIOS.obj (.text:pthread_self)
                  20018ddc    0000000c     release_pem4.oem4 (.text:ti_sysbios_family_arm_m3_Hwi_Params__init__S)
                  20018de8    0000000c     sysbios.aem4 : BIOS.obj (.text:ti_sysbios_family_arm_m3_Hwi_disableFxn__E)
                  20018df4    00000004     --HOLE-- [fill = 0]
                  20018df8    0000000c                  : BIOS.obj (.text:ti_sysbios_family_arm_m3_TaskSupport_getStackAlignment__E)
                  20018e04    00000004     --HOLE-- [fill = 0]
                  20018e08    0000000c                  : BIOS.obj (.text:ti_sysbios_gates_GateHwi_enter__E)
                  20018e14    0000000c     release_pem4.oem4 (.text:ti_sysbios_knl_Clock_Params__init__S)
                  20018e20    0000000c     sysbios.aem4 : BIOS.obj (.text:ti_sysbios_knl_Clock_getTicks__E)
                  20018e2c    00000004     --HOLE-- [fill = 0]
                  20018e30    0000000c                  : BIOS.obj (.text:ti_sysbios_knl_Clock_setTicks__E)
                  20018e3c    00000004     --HOLE-- [fill = 0]
                  20018e40    0000000c                  : BIOS.obj (.text:ti_sysbios_knl_Clock_tickStart__E)
                  20018e4c    00000004     --HOLE-- [fill = 0]
                  20018e50    0000000c                  : BIOS.obj (.text:ti_sysbios_knl_Clock_tickStop__E)
                  20018e5c    0000000c     release_pem4.oem4 (.text:ti_sysbios_knl_Queue_Object__get__S)
[...]
20022790  paramsCO2                                                       
200227b4  pwmTimerCC32XXObjects                                           
2002285c  DHT_Data                                                        
20022868  DeviceCB                                                        
20022874  Msg                                                             
20022880  args                                                            
2002288c  captParams                                                      
20022898  finaldata                                                       
200228a4  packet                                                          
200228b0  params                                                          
200228c4  parmbuf                                                         
200228cc  udmaCC3220SObject                                               
200228dc  CO2uart                                                         
200228e0  ClockP_tickPeriod                                               
200228e4  buffer                                                          
200228e8  captHandle                                                      
200228ec  mode                                                            
200228f0  pwm1                                                            
200228f4  spiCC32XXSDMAscratchBuf                                         
200228f8  ti_sysbios_knl_Task_Instance_State_0_hookEnv__A                 
200228fc  timer0                                                          
20022900  uartCO2                                                         
20022904  D4                                                              
20022905  D5                                                              
20022906  D6                                                              
20022907  D7                                                              
20022908  E                                                               
20022909  Rs                                                              
2002290a  RxIrqCnt                                                        
2002290b  TEMP                                                            
20022b94  _ctypes_                                                        
20022c95  ti_sysbios_knl_Clock_tickMode__C                                
20022c96  ti_sysbios_family_arm_m3_Hwi_Module__id__C                      
20022e40  OpcodeTranslateTable                                            
20022eb0  _SlActionLookupTable                                            
20022f00  PowerCC32XX_config                                              
20022f40  spiCC32XXDMAHWAttrs                                             
20022f7c  ti_sysbios_knl_Task_Object__PARAMS__C                           
2002304e  ti_sysbios_family_arm_m3_Timer_Module__id__C                    
20023050  ti_sysbios_family_arm_m3_Hwi_Object__PARAMS__C                  
20023080  UARTCC32XX_fxnTable                                             
200230a8  ti_sysbios_heaps_HeapMem_Module__FXNS__C                        
200230d0  PWMTimerCC32XX_fxnTable                                         
200230f4  UART_defaultParams                                              
20023118  ti_sysbios_gates_GateHwi_Module__FXNS__C                        
2002313c  ti_sysbios_gates_GateMutex_Module__FXNS__C                      
20023160  ti_sysbios_heaps_HeapMem_Object__PARAMS__C                      
20023184  ti_sysbios_knl_Clock_Object__PARAMS__C                          
200231a8  ti_sysbios_knl_Semaphore_Object__PARAMS__C                      
20023233  ti_sysbios_knl_Clock_tickSource__C                              
20023254  SPI_defaultParams                                               
20023294  TimerCC32XX_fxnTable                                            
200232f4  ti_sysbios_family_arm_m3_Hwi_Object__DESC__C                    
20023314  ti_sysbios_gates_GateHwi_Object__DESC__C                        
20023334  ti_sysbios_gates_GateMutex_Object__DESC__C                      
20023354  ti_sysbios_heaps_HeapMem_Object__DESC__C                        
20023374  ti_sysbios_knl_Clock_Object__DESC__C                            
20023394  ti_sysbios_knl_Queue_Object__DESC__C                            
200233b4  ti_sysbios_knl_Semaphore_Object__DESC__C                        
200233d4  ti_sysbios_knl_Task_Object__DESC__C                             
200233f4  timerCC32XXHWAttrs                                              
20023414  xdc_runtime_Startup_sfxnTab__A                                  
20023434  CaptureCC32XX_fxnTable                                          
2002344c  PWM_defaultParams                                               
20023464  SPICC32XXDMA_fxnTable                                           
2002347c  Timer_config                                                    
20023494  ti_sysbios_gates_GateHwi_Object__PARAMS__C                      
200234ac  ti_sysbios_gates_GateMutex_Object__PARAMS__C                    
200234c4  ti_sysbios_knl_Queue_Object__PARAMS__C                          
200234dc  ti_sysbios_knl_Task_hooks__A                                    
2002356c  GPIOCC32XX_config                                               
20023630  xdc_runtime_Startup_sfxnRts__A                                  
2002364c  Capture_config                                                  
20023658  PWM_config                                                      
20023664  SPI_config                                                      
20023670  UART_config                                                     
200236b8  udmaCC3220SHWAttrs                                              
200236c4  xdc_runtime_Startup_firstFxns__A                                
200236d8  UDMACC32XX_config                                               
200236e0  captureCC32XXHWAttrs                                            
20023700  outPinTypes                                                     
20023710  ti_sysbios_knl_Idle_funcList__A                                 
20023718  ti_sysbios_knl_Idle_funcList__C                                 
20023720  ti_sysbios_knl_Task_hooks__C                                    
20023730  xdc_runtime_Startup_firstFxns__C                                
20023738  xdc_runtime_Startup_lastFxns__C                                 
20023746  inPinTypes                                                      
2002374c  outPinStrengths                                                 
20023752  Capture_count                                                   
20023753  CryptoCC32XX_count                                              
20023754  PWM_count                                                       
20023755  SPI_count                                                       
20023756  Timer_count                                                     
20023757  UART_count                                                      
20023788  _SlNetAppSendResponseCmdCtrl                                    
2002378c  _SlNetAppSendTokenValueCmdCtrl                                  
200237bc  pwmTimerCC32XXHWAttrs                                           
200237c0  ti_sysbios_family_arm_m3_Hwi_E_alreadyDefined__C                
200237c4  ti_sysbios_family_arm_m3_Hwi_E_badIntNum__C                     
200237c8  ti_sysbios_family_arm_m3_Hwi_NUM_INTERRUPTS__C                  
200237cc  ti_sysbios_family_arm_m3_Hwi_Object__count__C                   
200237d0  ti_sysbios_family_arm_m3_Hwi_ccr__C                             
200237d4  ti_sysbios_family_arm_m3_Hwi_excHandlerFunc__C                  
200237d8  ti_sysbios_family_arm_m3_Hwi_nullIsrFunc__C                     
200237dc  ti_sysbios_family_arm_m3_Hwi_priGroup__C                        
200237e0  ti_sysbios_family_arm_m3_Hwi_swiDisable__C                      
200237e4  ti_sysbios_family_arm_m3_Hwi_swiRestore__C                      
200237e8  ti_sysbios_family_arm_m3_TaskSupport_stackAlignment__C          
200237ec  ti_sysbios_family_arm_m3_Timer_E_cannotSupport__C               
200237f0  ti_sysbios_family_arm_m3_Timer_startupNeeded__C                 
200237f4  ti_sysbios_gates_GateMutex_Instance_State_sem__O                
200237f8  ti_sysbios_heaps_HeapMem_E_memory__C                            
200237fc  ti_sysbios_heaps_HeapMem_Module__gateObj__C                     
20023800  ti_sysbios_heaps_HeapMem_Object__count__C                       
20023804  ti_sysbios_heaps_HeapMem_primaryHeapBaseAddr__C                 
20023808  ti_sysbios_heaps_HeapMem_primaryHeapEndAddr__C                  
2002380c  ti_sysbios_heaps_HeapMem_reqAlign__C                            
20023810  ti_sysbios_knl_Clock_Module_State_clockQ__O                     
20023814  ti_sysbios_knl_Clock_tickPeriod__C                              
20023818  ti_sysbios_knl_Mailbox_Instance_State_freeQue__O                
2002381c  ti_sysbios_knl_Mailbox_Object__count__C                         
20023820  ti_sysbios_knl_Mailbox_maxTypeAlign__C                          
20023824  ti_sysbios_knl_Semaphore_Instance_State_pendQ__O                
20023828  ti_sysbios_knl_Swi_Object__count__C                             
2002382c  ti_sysbios_knl_Task_Module_State_inactiveQ__O                   
20023830  ti_sysbios_knl_Task_Object__count__C                            
20023834  ti_sysbios_knl_Task_Object__heap__C                             
20023838  ti_sysbios_knl_Task_allBlockedFunc__C                           
2002383c  ti_sysbios_knl_Task_defaultStackHeap__C                         
20023840  ti_sysbios_knl_Task_defaultStackSize__C                         
20023844  ti_sysbios_knl_Task_numConstructedTasks__C                      
20023848  xdc_runtime_Error_E_memory__C                                   
2002384c  xdc_runtime_Error_policyFxn__C                                  
20023850  xdc_runtime_IGateProvider_Interface__BASE__C                    
20023854  xdc_runtime_IHeap_Interface__BASE__C                            
20023858  xdc_runtime_IModule_Interface__BASE__C                          
2002385c  xdc_runtime_Memory_defaultHeapInstance__C                       
20023860  xdc_runtime_Startup_execImpl__C                                 
20023864  xdc_runtime_Startup_maxPasses__C                                
20023868  xdc_runtime_Startup_sfxnRts__C                                  
2002386c  xdc_runtime_Startup_sfxnTab__C                                  
20023870  xdc_runtime_SysCallback_abortFxn__C                             
20023874  xdc_runtime_SysCallback_exitFxn__C                              
20023878  xdc_runtime_System_Module__gateObj__C                           
2002387c  xdc_runtime_System_abortFxn__C                                  
20023880  xdc_runtime_System_exitFxn__C                                   
20023884  xdc_runtime_System_maxAtexitHandlers__C                         
20023888  ti_sysbios_heaps_HeapMem_Module__id__C                          
2002388a  xdc_runtime_Memory_Module__id__C                                
2002388c  xdc_runtime_Error_policy__C                                     
20023890  s_text                                                          
20023a20  PowerCC32XX_module                                              
20023b8c  parkInfo                                                        
20023c84  _ftable                                                         
20023eb4  ti_sysbios_knl_Swi_Module_State_0_readyQ__A                     
20023f34  ti_sysbios_knl_Task_Module_State_0_readyQ__A                    
20023fb4  _device                                                         
2002402c  SlNetIfConfigWifi                                               
20024084  ti_sysbios_gates_GateMutex_Object__table__V                     
20024128  _stream                                                         
20024178  ti_sysbios_knl_Task_Object__table__V                            
200241c4  ti_sysbios_knl_Task_Module__state__V                            
20024208  ti_sysbios_family_arm_m3_Hwi_Module__state__V                   
2002423c  gpioCallbackFunctions                                           
2002426c  gpioPinConfigs                                                  
2002429c  ti_sysbios_family_arm_m3_Timer_Object__table__V                 
200242cc  ti_sysbios_knl_Swi_Object__table__V                             
200242fc  ti_sysbios_knl_Clock_Module__state__V                           
20024328  g_LibsEvents                                                    
2002434c  g_UserEvents                                                    
20024370  ti_sysbios_BIOS_Module__state__V                                
20024394  edit                                                            
20024395  screen                                                          
20024396  update_val                                                      
20024397  c_pos                                                           
20024398  cursor                                                          
2002439a  maxT                                                            
2002439c  minT                                                            
2002439e  maxH                                                            
200243a0  minH                                                            
200243a2  maxC                                                            
200243a4  minC                                                            
200243a6  Temp                                                            
200243a8  Hum                                                             
200243aa  CO                                                              
200243ac  T                                                               
200243ad  H                                                               
200243ae  C                                                               
200243af  R1                                                              
200243b0  R2                                                              
200243b1  flag                                                            
200243b2  olda                                                            
200243b3  oldb                                                            
200243b4  newa                                                            
200243b5  newb                                                            
200243b6  lookup_index                                                    
200243b8  xdc_runtime_Error_IgnoreBlock                                   
200243d8  HTTP_METHOD_GET                                                 
200243dc  HTTP_METHOD_POST                                                
200243e0  HTTP_METHOD_HEAD                                                
200243e4  HTTP_METHOD_OPTIONS                                             
200243e8  HTTP_METHOD_PUT                                                 
200243ec  HTTP_METHOD_DELETE                                              
200243f0  HTTP_METHOD_CONNECT                                             
200243f4  ti_sysbios_knl_Swi_Module__state__V                             
20024410  ti_sysbios_family_arm_m3_Hwi_Object__table__V                   
20024428  ti_sysbios_heaps_HeapMem_Object__table__V                       
20024450  __TI_ft_end                                                     
20024454  __aeabi_stdin                                                   
20024458  __aeabi_stdout                                                  
2002445c  __aeabi_stderr                                                  
20024460  ti_sysbios_family_arm_cc32xx_Seconds_Module__state__V           
20024470  __TI_cleanup_ptr                                                
20024474  __TI_dtors_ptr                                                  
20024478  __TI_enable_exit_profile_output                                 
2002447c  gGlobalLockCntRequested                                         
2002447d  gGlobalLockCntReleased                                          
2002447e  g_SlDeviceStatus                                                
20024480  g_pCB                                                           
20024484  pPingCallBackFunc                                               
20024488  ti_sysbios_family_arm_m3_Timer_Module__state__V                 
2002449d  readCO2                                                         
200244a6  ti_sysbios_family_arm_m3_Hwi_Module_State_0_excActive__A        
200244a8  _lock                                                           
200244ac  _unlock                                                         
200244b0  countData                                                       
200244b4  allDataCaptured                                                 
200244c0  httpThread                                                      
200244c4  spawn_thread                                                    
200244c8  ti_sysbios_family_arm_m3_Hwi_Module__root__V                    
200244d0  ti_sysbios_gates_GateHwi_Module__root__V                        
200244d8  ti_sysbios_gates_GateMutex_Module__root__V                      
200244e0  ti_sysbios_heaps_HeapMem_Module__root__V                        
200244e8  ti_sysbios_knl_Clock_Module__root__V                            
200244f0  ti_sysbios_knl_Queue_Module__root__V                            
200244f8  ti_sysbios_knl_Semaphore_Module__root__V                        
20024500  ti_sysbios_knl_Task_Module__root__V                             
20024508  xdc_runtime_Startup_Module__state__V                            
20024510  xdc_runtime_System_Module_State_0_atexitHandlers__A             
20024518  xdc_runtime_System_Module__state__V                             
20024520  main_func_sp                                                    
20024524  g_intHandle                                                     
2002452c  ti_sysbios_family_arm_m3_Hwi_Module_State_0_excContext__A       
20024530  ti_sysbios_family_arm_m3_Hwi_Module_State_0_excStack__A         
20024534  ti_sysbios_gates_GateHwi_Object__table__V                       
20024538  ti_sysbios_knl_Task_Module_State_0_idleTask__A                  
2002453c  ti_sysbios_rts_ti_ReentSupport_Module__state__V                 
20024540  xdc_runtime_Memory_Module__state__V                             
20024550  __TI_static_base__                                              
200249b4  __TI_Handler_Table_Base                                         
200249c0  __TI_Handler_Table_Limit                                        
200249c8  __TI_CINIT_Base                                                 
200249d8  __TI_CINIT_Limit                                                
e000e000  ti_sysbios_family_arm_m3_Hwi_nvic                               
ffffffff  __TI_pprof_out_hndl                                             
ffffffff  __TI_prof_data_size                                             
ffffffff  __TI_prof_data_start                                            
ffffffff  __binit__                                                       
ffffffff  __c_args__                                                      
ffffffff  binit                                                           
UNDEFED   SHT$$INIT_ARRAY$$Base                                           
UNDEFED   SHT$$INIT_ARRAY$$Limit                                          

[1014 symbols]
